// Jest Snapshot v1, https://goo.gl/fbAQLP

exports[`HomeRepair renders correctly 1`] = `
<section
  id="repair"
>
  <div
    className="flex-columns"
  >
    <div
      className="column-1"
    >
      <img
        alt=""
        src="strat-1.jpg"
      />
    </div>
    <div
      className="column-2 background-blue"
    >
      <h2>
        Amplifier & Instrument Repair
      </h2>
      <p>
        Lorem ipsum dolor sit amet consectetur adipisicing elit. Quasi, tenetur suscipit. Commodi perspiciatis iusto pariatur, architecto non, officiis quidem magnam sunt rem autem totam quisquam repudiandae consectetur quos repellat eius vitae cupiditate voluptates optio hic veritatis. Eaque vel et nemo.
      </p>
      <Link
        className="btn"
        to="/repair"
      >
        See His Work
      </Link>
    </div>
  </div>
</section>
`;
